--use_multi_gpu specified: using all 4 GPU(s)
CUDA available: 4 GPU(s) detected
  GPU 0: Tesla T4
  GPU 1: Tesla T4
  GPU 2: Tesla T4
  GPU 3: Tesla T4
Configuring trainer to use GPUs: [0, 1, 2, 3]
Final configuration: using 4 device(s)
Loaded 1281167 samples from ../data/train
Number of classes: 1000
Loaded 52600 samples from ../data/val
Number of classes: 1000
DataModule setup complete: 1000 classes
Training samples: 1281167
Validation samples: 52600
Dataset: ImageNet (1000 classes)

======================================================================
RUNNING LEARNING RATE FINDER
======================================================================
Running learning rate range test using torch-lr-finder...
Learning rate search finished. See the graph with {finder_name}.plot()
Warning: Could not create plot: LRFinder.plot() got an unexpected keyword argument 'suggested_lr'. Did you mean 'suggest_lr'?
Final suggested learning rate: 0.000100

Suggested learning rate: 1.00e-04
LR finder plot saved to: ./outputs/lr_finder_imagenet1k.png
Updated model learning rate to: 1.00e-04
Model moved to CPU and GPU cache cleared (trainer will handle multi-GPU setup)
======================================================================

TensorBoard logs will be saved to: ./logs/imagenet_resnet50/version_20251039
View with: tensorboard --logdir ./logs
Multi-GPU detected: Using DDP strategy with 4 GPUs
  Devices: 4, Accelerator: gpu
  Strategy: 'ddp' (PyTorch Lightning will spawn 4 processes)

Trainer Configuration:
  Accelerator: gpu
  Devices: 4
  Strategy: ddp
  Precision: 32

Trainer Created Successfully:
  Number of devices: 4
  Strategy: DDPStrategy
  Strategy class: DDPStrategy
  World size: 4
  PyTorch Lightning version: 2.5.5

⚠️  IMPORTANT: With DDP and 4 devices, PyTorch Lightning will spawn 4 processes.
   You should see 4 Python processes in nvidia-smi once training starts.
   If you only see 1 process, there may be a configuration issue.

======================================================================
STARTING TRAINING
======================================================================
Model: ResNet-50
Classes: 1000
Batch size per GPU: 128
Total batch size: 512
Learning rate: 0.000100
Scheduler: onecycle
Epochs: 10
Precision: 32
Strategy: ddp
======================================================================

