--use_multi_gpu specified: using all 4 GPU(s)
CUDA available: 4 GPU(s) detected
  GPU 0: Tesla T4
  GPU 1: Tesla T4
  GPU 2: Tesla T4
  GPU 3: Tesla T4
Configuring trainer to use GPUs: [0, 1, 2, 3]
Final configuration: using 4 device(s)
Loaded 1281167 samples from ../data/train
Number of classes: 1000
Loaded 52600 samples from ../data/val
Number of classes: 1000
DataModule setup complete: 1000 classes
Training samples: 1281167
Validation samples: 52600
Dataset: ImageNet (1000 classes)

======================================================================
RUNNING LEARNING RATE FINDER
======================================================================
Running learning rate range test using torch-lr-finder...
LR finder failed: CUDA out of memory. Tried to allocate 392.00 MiB. GPU 0 has a total capacity of 14.56 GiB of which 81.75 MiB is free. Process 17018 has 270.00 MiB memory in use. Process 17296 has 8.43 GiB memory in use. Process 17298 has 4.42 GiB memory in use. Including non-PyTorch memory, this process has 1.36 GiB memory in use. Of the allocated memory 1.22 GiB is allocated by PyTorch, and 20.27 MiB is reserved by PyTorch but unallocated. If reserved but unallocated memory is large try setting PYTORCH_CUDA_ALLOC_CONF=expandable_segments:True to avoid fragmentation.  See documentation for Memory Management  (https://pytorch.org/docs/stable/notes/cuda.html#environment-variables)
Continuing with original learning rate...
======================================================================

TensorBoard logs will be saved to: ./logs/imagenet_resnet50/version_20251039
View with: tensorboard --logdir ./logs
Multi-GPU detected: Using DDP strategy with 4 GPUs
  Devices: 4, Accelerator: gpu
  Strategy: 'ddp' (PyTorch Lightning will spawn 4 processes)

Trainer Configuration:
  Accelerator: gpu
  Devices: 4
  Strategy: ddp
  Precision: 32

Trainer Created Successfully:
  Number of devices: 4
  Strategy: DDPStrategy
  Strategy class: DDPStrategy
  World size: 4
  PyTorch Lightning version: 2.5.5

⚠️  IMPORTANT: With DDP and 4 devices, PyTorch Lightning will spawn 4 processes.
   You should see 4 Python processes in nvidia-smi once training starts.
   If you only see 1 process, there may be a configuration issue.

======================================================================
STARTING TRAINING
======================================================================
Model: ResNet-50
Classes: 1000
Batch size per GPU: 128
Total batch size: 512
Learning rate: 0.010000
Scheduler: onecycle
Epochs: 10
Precision: 32
Strategy: ddp
======================================================================



