Using 1 device(s)
Loaded 10000 samples from ../data/train
Number of classes: 1000
Loaded 10000 samples from ../data/val
Number of classes: 1000
DataModule setup complete: 1000 classes
Training samples: 10000
Validation samples: 10000
Dataset: ImageNet (1000 classes)

======================================================================
RUNNING LEARNING RATE FINDER
======================================================================
Running learning rate range test using torch-lr-finder...
Learning rate search finished. See the graph with {finder_name}.plot()
Warning: Could not create plot: LRFinder.plot() got an unexpected keyword argument 'suggested_lr'. Did you mean 'suggest_lr'?
Final suggested learning rate: 0.000100

Suggested learning rate: 1.00e-04
LR finder plot saved to: ./outputs/lr_finder_imagenet1k.png
Updated model learning rate to: 1.00e-04
======================================================================

TensorBoard logs will be saved to: ./logs/imagenet_resnet50/version_20251034
View with: tensorboard --logdir ./logs

======================================================================
STARTING TRAINING
======================================================================
Model: ResNet-50
Classes: 1000
Batch size per GPU: 128
Total batch size: 128
Learning rate: 0.000100
Scheduler: onecycle
Epochs: 3
Precision: 32
Strategy: auto (default)
======================================================================

Loaded 10000 samples from ../data/train
Number of classes: 1000
Loaded 10000 samples from ../data/val
Number of classes: 1000
DataModule setup complete: 1000 classes
Training samples: 10000
Validation samples: 10000
Training: |          | 0/? [00:00<?, ?it/s]Training: |          | 0/? [00:00<?, ?it/s, v_num=2.03e+7]Training: |          | 0/? [00:00<?, ?it/s, v_num=2.03e+7]

======================================================================
TRAINING COMPLETED
======================================================================
Best checkpoint: /mnt/my_ebs/ImageNetClassifier/checkpoints/epoch=00-val_acc=0.0008-val_loss=7.1297.ckpt
Latest checkpoint: /mnt/my_ebs/ImageNetClassifier/checkpoints/last.ckpt
TensorBoard logs: ./logs/imagenet_resnet50/version_20251034
To view logs: tensorboard --logdir ./logs
Stdout log: ./logs/imagenet_resnet50/version_20251029_184351/stdout.log

To resume training from this checkpoint, use:
  python main_lightning.py --resume_from /mnt/my_ebs/ImageNetClassifier/checkpoints/last.ckpt <other_args>
======================================================================
